Compiled 315 assets and 89 imports
ok  	github.com/basecamp/once-campfire-go/assets	(cached)
ok  	github.com/basecamp/once-campfire-go/bench/httprate	1.440s
ok  	github.com/basecamp/once-campfire-go/cmd/campfire	2.544s
ok  	github.com/basecamp/once-campfire-go/internal/application	1.233s
ok  	github.com/basecamp/once-campfire-go/internal/cable	2.155s
ok  	github.com/basecamp/once-campfire-go/internal/database	2.607s
ok  	github.com/basecamp/once-campfire-go/internal/front	1.221s
ok  	github.com/basecamp/once-campfire-go/internal/html	(cached)
ok  	github.com/basecamp/once-campfire-go/internal/httpcompat	(cached)
ok  	github.com/basecamp/once-campfire-go/internal/integrations	9.213s
ok  	github.com/basecamp/once-campfire-go/internal/jobs	(cached)
ok  	github.com/basecamp/once-campfire-go/internal/presentation	2.141s
ok  	github.com/basecamp/once-campfire-go/internal/qrcode	(cached)
ok  	github.com/basecamp/once-campfire-go/internal/rails	(cached)
?   	github.com/basecamp/once-campfire-go/internal/responsebody	[no test files]
ok  	github.com/basecamp/once-campfire-go/internal/richtext	10.021s
ok  	github.com/basecamp/once-campfire-go/internal/storage	3.492s
ok  	github.com/basecamp/once-campfire-go/internal/useragent	(cached)
ok  	github.com/basecamp/once-campfire-go/internal/web	13.252s
ok  	github.com/basecamp/once-campfire-go/internal/zstd	(cached)
ok  	github.com/coder/websocket	(cached)
?   	github.com/coder/websocket/internal/bpool	[no test files]
?   	github.com/coder/websocket/internal/errd	[no test files]
?   	github.com/coder/websocket/internal/test	[no test files]
?   	github.com/coder/websocket/internal/test/assert	[no test files]
?   	github.com/coder/websocket/internal/test/wstest	[no test files]
?   	github.com/coder/websocket/internal/test/xrand	[no test files]
?   	github.com/coder/websocket/internal/util	[no test files]
ok  	github.com/coder/websocket/internal/xsync	(cached)
ok  	github.com/coder/websocket/wsjson	(cached) [no tests to run]
