#0 building with "orbstack" instance using docker driver

#1 [internal] load build definition from Dockerfile.final
#1 transferring dockerfile: 223B 0.0s done
#1 DONE 0.1s

#2 [internal] load metadata for docker.io/library/campfire-compare-toolchain:latest
#2 DONE 0.0s

#3 [internal] load .dockerignore
#3 transferring context: 0.1s
#3 transferring context: 2B 0.1s done
#3 DONE 0.1s

#4 [1/3] FROM docker.io/library/campfire-compare-toolchain:latest
#4 CACHED

#5 [internal] load build context
#5 transferring context: 38.51MB 0.2s done
#5 DONE 0.3s

#6 [2/3] COPY post-fix-20261010/go-final /rails/bin/campfire
#6 DONE 0.2s

#7 [3/3] WORKDIR /rails
#7 DONE 0.1s

#8 exporting to image
#8 exporting layers
#8 exporting layers 0.2s done
#8 writing image sha256:4889039b1e4e704abf92f380bafec5ac591b7b73ee549d1b7cd6861f965e3d66 done
#8 naming to docker.io/library/campfire-post-fix 0.0s done
#8 DONE 0.3s
