    Updating crates.io index
 Downloading crates ...
  Downloaded log v0.4.34
  Downloaded futures-core v0.3.34
  Downloaded byteorder v1.5.0
  Downloaded digest v0.10.7
  Downloaded hyper v1.11.1
  Downloaded zerocopy v0.8.59
  Downloaded flate2 v1.1.10
  Downloaded futures-sink v0.3.34
  Downloaded adler2 v2.0.1
  Downloaded atomic-waker v1.1.2
  Downloaded cfg-if v1.0.5
  Downloaded futures-channel v0.3.34
  Downloaded http v1.5.0
  Downloaded http-body v1.1.0
  Downloaded slab v0.4.12
  Downloaded block-buffer v0.10.4
  Downloaded bytes v1.12.1
  Downloaded crc32fast v1.5.2
  Downloaded data-encoding v2.11.1
  Downloaded errno v0.3.14
  Downloaded futures-task v0.3.34
  Downloaded futures-util v0.3.34
  Downloaded http-body-util v0.1.5
  Downloaded itoa v1.0.18
  Downloaded lock_api v0.4.14
  Downloaded miniz_oxide v0.9.1
  Downloaded hyper-util v0.1.21
  Downloaded rand_chacha v0.9.0
  Downloaded pin-project-lite v0.2.17
  Downloaded generic-array v0.14.7
  Downloaded getrandom v0.3.4
  Downloaded num-traits v0.2.19
  Downloaded sha1 v0.10.7
  Downloaded signal-hook-registry v1.4.8
  Downloaded cpufeatures v0.2.17
  Downloaded mio v1.2.3
  Downloaded want v0.3.1
  Downloaded futures-macro v0.3.34
  Downloaded rand v0.9.5
  Downloaded parking_lot v0.12.5
  Downloaded smallvec v1.16.2
  Downloaded httparse v1.10.1
  Downloaded memchr v2.8.3
  Downloaded try-lock v0.2.5
  Downloaded quote v1.0.47
  Downloaded aho-corasick v1.1.5
  Downloaded regex v1.13.1
  Downloaded version_check v0.9.5
  Downloaded rand_core v0.9.5
  Downloaded crypto-common v0.1.7
  Downloaded tokio-macros v2.7.2
  Downloaded scopeguard v1.2.0
  Downloaded thiserror-impl v2.0.21
  Downloaded unicode-ident v1.0.26
  Downloaded zmij v1.0.23
  Downloaded autocfg v1.5.1
  Downloaded proc-macro2 v1.0.107
  Downloaded serde_core v1.0.229
  Downloaded socket2 v0.6.5
  Downloaded syn v3.0.6
  Downloaded regex-syntax v0.8.11
  Downloaded tokio-tungstenite v0.29.0
  Downloaded hdrhistogram v7.6.0
  Downloaded ppv-lite86 v0.2.21
  Downloaded parking_lot_core v0.9.12
  Downloaded thiserror v2.0.21
  Downloaded tungstenite v0.29.0
  Downloaded typenum v1.20.1
  Downloaded serde_json v1.0.151
  Downloaded libc v0.2.189
  Downloaded zlib-rs v0.6.8
  Downloaded regex-automata v0.4.18
  Downloaded tokio v1.53.1
   Compiling libc v0.2.189
   Compiling proc-macro2 v1.0.107
   Compiling unicode-ident v1.0.26
   Compiling quote v1.0.47
   Compiling cfg-if v1.0.5
   Compiling version_check v0.9.5
   Compiling itoa v1.0.18
   Compiling bytes v1.12.1
   Compiling zerocopy v0.8.59
   Compiling getrandom v0.3.4
   Compiling parking_lot_core v0.9.12
   Compiling typenum v1.20.1
   Compiling scopeguard v1.2.0
   Compiling pin-project-lite v0.2.17
   Compiling httparse v1.10.1
   Compiling futures-core v0.3.34
   Compiling smallvec v1.16.2
   Compiling lock_api v0.4.14
   Compiling memchr v2.8.3
   Compiling thiserror v2.0.21
   Compiling autocfg v1.5.1
   Compiling zmij v1.0.23
   Compiling try-lock v0.2.5
   Compiling serde_core v1.0.229
   Compiling want v0.3.1
   Compiling generic-array v0.14.7
   Compiling http v1.5.0
   Compiling futures-channel v0.3.34
   Compiling futures-sink v0.3.34
   Compiling atomic-waker v1.1.2
   Compiling aho-corasick v1.1.5
   Compiling num-traits v0.2.19
   Compiling serde_json v1.0.151
   Compiling slab v0.4.12
   Compiling futures-task v0.3.34
   Compiling log v0.4.34
   Compiling regex-syntax v0.8.11
   Compiling data-encoding v2.11.1
   Compiling byteorder v1.5.0
   Compiling zlib-rs v0.6.8
   Compiling adler2 v2.0.1
   Compiling miniz_oxide v0.9.1
   Compiling http-body v1.1.0
   Compiling crypto-common v0.1.7
   Compiling block-buffer v0.10.4
   Compiling http-body-util v0.1.5
   Compiling syn v3.0.6
   Compiling errno v0.3.14
   Compiling mio v1.2.3
   Compiling socket2 v0.6.5
   Compiling digest v0.10.7
   Compiling cpufeatures v0.2.17
   Compiling signal-hook-registry v1.4.8
   Compiling hdrhistogram v7.6.0
   Compiling parking_lot v0.12.5
   Compiling rand_core v0.9.5
   Compiling sha1 v0.10.7
   Compiling regex-automata v0.4.18
   Compiling ppv-lite86 v0.2.21
   Compiling tokio-macros v2.7.2
   Compiling thiserror-impl v2.0.21
   Compiling futures-macro v0.3.34
   Compiling flate2 v1.1.10
   Compiling rand_chacha v0.9.0
   Compiling rand v0.9.5
   Compiling regex v1.13.1
   Compiling tokio v1.53.1
   Compiling futures-util v0.3.34
   Compiling tungstenite v0.29.0
   Compiling hyper v1.11.1
   Compiling tokio-tungstenite v0.29.0
   Compiling hyper-util v0.1.21
   Compiling loadgen v0.0.0 (/Users/nick/github/nijaru/once-campfire-go/.cache/post-fix-20261010/generator-lock/loadgen)
    Finished `test` profile [unoptimized + debuginfo] target(s) in 8.88s
     Running unittests src/main.rs (/Users/nick/github/nijaru/once-campfire-go/.cache/post-fix-20261010/generator-lock/target/debug/deps/loadgen-65dd9b8d2c2458a4)

running 20 tests
test cable_client_tests::unread_notices_are_told_from_streamed_html ... ok
test cable_client_tests::origin_leaves_out_only_the_default_port ... ok
test cable_client_tests::session_profile_reports_used_rows_without_claiming_distinct_people ... ok
test cable_client_tests::each_client_takes_its_own_session_in_turn ... ok
test cable_client_tests::refresh_period_rejects_invalid_and_unrepresentable_values ... ok
test tests::message_post_requires_a_complete_response_with_its_actual_message ... ok
test validation::tests::invalid_or_thin_validation_contract_fails_closed ... ok
test cable_client_tests::sessions_preserve_each_rows_cookie_and_subscriptions ... ok
test validation_integration_tests::browser_posts_need_no_csrf_fields_and_legacy_tokens_remain_optional ... ok
test validation::tests::rejects_200_error_pages_truncated_pages_and_wrong_message_windows ... ok
test validation::tests::validates_gzip_crc_truncation_trailing_data_and_content_after_cache_hit ... ok
test validation::tests::checks_all_seeded_words_and_ordinals_in_order_in_each_presentation ... ok
test validation::tests::post_requires_actual_message_and_per_request_body ... ok
test validation_integration_tests::mixed_writer_rejects_missing_contracts_and_unbounded_rates ... ok
test validation::tests::rejects_truncated_final_pagination_message_after_all_expected_content ... ok
test validation_integration_tests::intermittent_200_error_page_invalidates_a_loaded_run ... ok
test cable_client_tests::presence_timer_delays_first_refresh_and_skips_missed_ticks ... ok
test validation::tests::rejects_next_opening_attributes_as_missing_content_and_zero_or_overflow_ids ... ok
test cable_client_tests::a_client_is_its_session_and_refreshes_its_presence ... ok
test validation_integration_tests::mixed_writer_is_paced_validated_and_audited_separately ... ok

test result: ok. 20 passed; 0 failed; 0 ignored; 0 measured; 0 filtered out; finished in 0.33s

   Compiling libc v0.2.189
   Compiling proc-macro2 v1.0.107
   Compiling quote v1.0.47
   Compiling unicode-ident v1.0.26
   Compiling cfg-if v1.0.5
   Compiling version_check v0.9.5
   Compiling bytes v1.12.1
   Compiling itoa v1.0.18
   Compiling zerocopy v0.8.59
   Compiling getrandom v0.3.4
   Compiling typenum v1.20.1
   Compiling parking_lot_core v0.9.12
   Compiling scopeguard v1.2.0
   Compiling pin-project-lite v0.2.17
   Compiling httparse v1.10.1
   Compiling smallvec v1.16.2
   Compiling futures-core v0.3.34
   Compiling lock_api v0.4.14
   Compiling autocfg v1.5.1
   Compiling thiserror v2.0.21
   Compiling memchr v2.8.3
   Compiling try-lock v0.2.5
   Compiling generic-array v0.14.7
   Compiling serde_core v1.0.229
   Compiling zmij v1.0.23
   Compiling want v0.3.1
   Compiling futures-channel v0.3.34
   Compiling futures-sink v0.3.34
   Compiling serde_json v1.0.151
   Compiling slab v0.4.12
   Compiling regex-syntax v0.8.11
   Compiling atomic-waker v1.1.2
   Compiling num-traits v0.2.19
   Compiling futures-task v0.3.34
   Compiling http v1.5.0
   Compiling log v0.4.34
   Compiling data-encoding v2.11.1
   Compiling aho-corasick v1.1.5
   Compiling zlib-rs v0.6.8
   Compiling byteorder v1.5.0
   Compiling adler2 v2.0.1
   Compiling syn v3.0.6
   Compiling miniz_oxide v0.9.1
   Compiling block-buffer v0.10.4
   Compiling crypto-common v0.1.7
   Compiling errno v0.3.14
   Compiling socket2 v0.6.5
   Compiling mio v1.2.3
   Compiling digest v0.10.7
   Compiling parking_lot v0.12.5
   Compiling rand_core v0.9.5
   Compiling signal-hook-registry v1.4.8
   Compiling http-body v1.1.0
   Compiling cpufeatures v0.2.17
   Compiling sha1 v0.10.7
   Compiling http-body-util v0.1.5
   Compiling hdrhistogram v7.6.0
   Compiling regex-automata v0.4.18
   Compiling flate2 v1.1.10
   Compiling tokio-macros v2.7.2
   Compiling thiserror-impl v2.0.21
   Compiling futures-macro v0.3.34
   Compiling ppv-lite86 v0.2.21
   Compiling rand_chacha v0.9.0
   Compiling tokio v1.53.1
   Compiling rand v0.9.5
   Compiling futures-util v0.3.34
   Compiling tungstenite v0.29.0
   Compiling regex v1.13.1
   Compiling hyper v1.11.1
   Compiling tokio-tungstenite v0.29.0
   Compiling hyper-util v0.1.21
   Compiling loadgen v0.0.0 (/Users/nick/github/nijaru/once-campfire-go/.cache/post-fix-20261010/generator-lock/loadgen)
    Finished `release` profile [optimized] target(s) in 9.44s
