ok  	github.com/basecamp/once-campfire-go/internal/web	9.338s
rust direct_participants PASS
go direct_participants PASS
rust involvement PASS
go involvement PASS
rust authentication PASS
go authentication PASS
rust direct_ping PASS
go direct_ping PASS
rust pagination PASS
go pagination PASS
rust sidebar PASS
go sidebar PASS
rust message_lifecycle PASS
go message_lifecycle PASS
rust room_membership PASS
go room_membership PASS
rust room_updates PASS
go room_updates PASS
rust account_settings PASS
go account_settings PASS
rust direct_upload PASS
go direct_upload PASS
rust storage_downloads PASS
go storage_downloads PASS
rust attachment_lifecycle PASS
go attachment_lifecycle PASS
rust avatar_lifecycle PASS
go avatar_lifecycle PASS
rust upload_metadata PASS
go upload_metadata PASS
