 Downloading crates ...
  Downloaded cfg-if v1.0.5
  Downloaded tokio-tungstenite v0.29.0
  Downloaded sha1 v0.10.7
  Downloaded data-encoding v2.11.1
  Downloaded smallvec v1.16.2
  Downloaded thiserror-impl v2.0.21
  Downloaded byteorder v1.5.0
  Downloaded mio v1.2.3
  Downloaded thiserror v2.0.21
  Downloaded tungstenite v0.29.0
  Downloaded rand v0.9.5
  Downloaded hdrhistogram v7.6.0
   Compiling libc v0.2.189
   Compiling proc-macro2 v1.0.107
   Compiling quote v1.0.47
   Compiling unicode-ident v1.0.26
    Checking cfg-if v1.0.5
   Compiling version_check v0.9.5
    Checking itoa v1.0.18
    Checking bytes v1.12.1
   Compiling getrandom v0.3.4
   Compiling zerocopy v0.8.59
   Compiling parking_lot_core v0.9.12
    Checking typenum v1.20.1
    Checking futures-core v0.3.34
    Checking pin-project-lite v0.2.17
    Checking smallvec v1.16.2
   Compiling httparse v1.10.1
    Checking scopeguard v1.2.0
   Compiling autocfg v1.5.1
    Checking memchr v2.8.3
   Compiling thiserror v2.0.21
    Checking lock_api v0.4.14
   Compiling zmij v1.0.23
   Compiling serde_core v1.0.229
   Compiling generic-array v0.14.7
    Checking try-lock v0.2.5
    Checking futures-channel v0.3.34
    Checking slab v0.4.12
    Checking futures-task v0.3.34
    Checking want v0.3.1
   Compiling num-traits v0.2.19
   Compiling serde_json v1.0.151
    Checking futures-sink v0.3.34
    Checking data-encoding v2.11.1
    Checking log v0.4.34
    Checking regex-syntax v0.8.11
    Checking aho-corasick v1.1.5
    Checking atomic-waker v1.1.2
    Checking zlib-rs v0.6.8
    Checking http v1.5.0
    Checking byteorder v1.5.0
    Checking adler2 v2.0.1
    Checking miniz_oxide v0.9.1
    Checking errno v0.3.14
    Checking socket2 v0.6.5
    Checking mio v1.2.3
    Checking cpufeatures v0.2.17
   Compiling syn v3.0.6
    Checking signal-hook-registry v1.4.8
    Checking rand_core v0.9.5
    Checking http-body v1.1.0
    Checking parking_lot v0.12.5
    Checking http-body-util v0.1.5
    Checking crypto-common v0.1.7
    Checking block-buffer v0.10.4
    Checking hdrhistogram v7.6.0
    Checking digest v0.10.7
    Checking sha1 v0.10.7
    Checking flate2 v1.1.10
    Checking regex-automata v0.4.18
   Compiling tokio-macros v2.7.2
   Compiling thiserror-impl v2.0.21
   Compiling futures-macro v0.3.34
    Checking regex v1.13.1
    Checking ppv-lite86 v0.2.21
    Checking rand_chacha v0.9.0
    Checking tokio v1.53.1
    Checking rand v0.9.5
    Checking futures-util v0.3.34
    Checking tungstenite v0.29.0
    Checking hyper v1.11.1
    Checking tokio-tungstenite v0.29.0
    Checking hyper-util v0.1.21
    Checking loadgen v0.0.0 (REPOSITORY/.cache/finalize-20261010/verification-clean/loadgen)
    Finished `dev` profile [unoptimized + debuginfo] target(s) in 4.20s
   Compiling cfg-if v1.0.5
   Compiling bytes v1.12.1
   Compiling itoa v1.0.18
   Compiling typenum v1.20.1
   Compiling futures-core v0.3.34
   Compiling scopeguard v1.2.0
   Compiling smallvec v1.16.2
   Compiling libc v0.2.189
   Compiling pin-project-lite v0.2.17
   Compiling zerocopy v0.8.59
   Compiling httparse v1.10.1
   Compiling memchr v2.8.3
   Compiling try-lock v0.2.5
   Compiling thiserror v2.0.21
   Compiling regex-syntax v0.8.11
   Compiling atomic-waker v1.1.2
   Compiling lock_api v0.4.14
   Compiling data-encoding v2.11.1
   Compiling log v0.4.34
   Compiling futures-channel v0.3.34
   Compiling want v0.3.1
   Compiling slab v0.4.12
   Compiling futures-task v0.3.34
   Compiling futures-sink v0.3.34
   Compiling num-traits v0.2.19
   Compiling futures-util v0.3.34
   Compiling zmij v1.0.23
   Compiling serde_core v1.0.229
   Compiling zlib-rs v0.6.8
   Compiling adler2 v2.0.1
   Compiling byteorder v1.5.0
   Compiling aho-corasick v1.1.5
   Compiling miniz_oxide v0.9.1
   Compiling http v1.5.0
   Compiling getrandom v0.3.4
   Compiling errno v0.3.14
   Compiling parking_lot_core v0.9.12
   Compiling rand_core v0.9.5
   Compiling generic-array v0.14.7
   Compiling signal-hook-registry v1.4.8
   Compiling mio v1.2.3
   Compiling socket2 v0.6.5
   Compiling parking_lot v0.12.5
   Compiling cpufeatures v0.2.17
   Compiling hdrhistogram v7.6.0
   Compiling tokio v1.53.1
   Compiling http-body v1.1.0
   Compiling crypto-common v0.1.7
   Compiling block-buffer v0.10.4
   Compiling http-body-util v0.1.5
   Compiling digest v0.10.7
   Compiling sha1 v0.10.7
   Compiling regex-automata v0.4.18
   Compiling serde_json v1.0.151
   Compiling ppv-lite86 v0.2.21
   Compiling rand_chacha v0.9.0
   Compiling regex v1.13.1
   Compiling rand v0.9.5
   Compiling tungstenite v0.29.0
   Compiling flate2 v1.1.10
   Compiling hyper v1.11.1
   Compiling tokio-tungstenite v0.29.0
   Compiling hyper-util v0.1.21
   Compiling loadgen v0.0.0 (REPOSITORY/.cache/finalize-20261010/verification-clean/loadgen)
    Finished `test` profile [unoptimized + debuginfo] target(s) in 4.20s
     Running unittests src/main.rs (loadgen/target/debug/deps/loadgen-a00bc333b190dc44)

running 20 tests
test cable_client_tests::unread_notices_are_told_from_streamed_html ... ok
test cable_client_tests::origin_leaves_out_only_the_default_port ... ok
test validation::tests::invalid_or_thin_validation_contract_fails_closed ... ok
test cable_client_tests::refresh_period_rejects_invalid_and_unrepresentable_values ... ok
test cable_client_tests::sessions_preserve_each_rows_cookie_and_subscriptions ... ok
test cable_client_tests::each_client_takes_its_own_session_in_turn ... ok
test validation_integration_tests::browser_posts_need_no_csrf_fields_and_legacy_tokens_remain_optional ... ok
test cable_client_tests::session_profile_reports_used_rows_without_claiming_distinct_people ... ok
test validation_integration_tests::mixed_writer_rejects_missing_contracts_and_unbounded_rates ... ok
test tests::message_post_requires_a_complete_response_with_its_actual_message ... ok
test validation::tests::post_requires_actual_message_and_per_request_body ... ok
test validation::tests::rejects_200_error_pages_truncated_pages_and_wrong_message_windows ... ok
test validation::tests::rejects_truncated_final_pagination_message_after_all_expected_content ... ok
test validation::tests::validates_gzip_crc_truncation_trailing_data_and_content_after_cache_hit ... ok
test validation::tests::checks_all_seeded_words_and_ordinals_in_order_in_each_presentation ... ok
test validation_integration_tests::intermittent_200_error_page_invalidates_a_loaded_run ... ok
test validation::tests::rejects_next_opening_attributes_as_missing_content_and_zero_or_overflow_ids ... ok
test cable_client_tests::presence_timer_delays_first_refresh_and_skips_missed_ticks ... ok
test cable_client_tests::a_client_is_its_session_and_refreshes_its_presence ... ok
test validation_integration_tests::mixed_writer_is_paced_validated_and_audited_separately ... ok

test result: ok. 20 passed; 0 failed; 0 ignored; 0 measured; 0 filtered out; finished in 0.32s

Run options: --seed 22738

# Running:

..

Finished in 0.147026s, 13.6030 runs/s, 27.2061 assertions/s.

2 runs, 4 assertions, 0 failures, 0 errors, 0 skips
Run options: --seed 37634

# Running:

..

Finished in 0.306735s, 6.5203 runs/s, 52.1623 assertions/s.

2 runs, 16 assertions, 0 failures, 0 errors, 0 skips
Run options: --seed 49913

# Running:

...

Finished in 0.630245s, 4.7601 runs/s, 31.7337 assertions/s.

3 runs, 20 assertions, 0 failures, 0 errors, 0 skips
Run options: --seed 30306

# Running:

.

Finished in 0.045037s, 22.2040 runs/s, 177.6317 assertions/s.

1 runs, 8 assertions, 0 failures, 0 errors, 0 skips
Run options: --seed 17824

# Running:

............

Finished in 0.000787s, 15247.7763 runs/s, 72426.9377 assertions/s.

12 runs, 57 assertions, 0 failures, 0 errors, 0 skips
