?   	github.com/basecamp/once-campfire-go/assets	[no test files]
?   	github.com/basecamp/once-campfire-go/cmd/campfire	[no test files]
ok  	github.com/basecamp/once-campfire-go/internal/cable	1.149s
ok  	github.com/basecamp/once-campfire-go/internal/database	1.366s
ok  	github.com/basecamp/once-campfire-go/internal/front	1.198s
?   	github.com/basecamp/once-campfire-go/internal/html	[no test files]
ok  	github.com/basecamp/once-campfire-go/internal/httpcompat	1.014s
ok  	github.com/basecamp/once-campfire-go/internal/integrations	8.768s
ok  	github.com/basecamp/once-campfire-go/internal/jobs	1.009s
ok  	github.com/basecamp/once-campfire-go/internal/qrcode	1.361s
ok  	github.com/basecamp/once-campfire-go/internal/rails	1.251s
?   	github.com/basecamp/once-campfire-go/internal/responsebody	[no test files]
ok  	github.com/basecamp/once-campfire-go/internal/richtext	7.810s
ok  	github.com/basecamp/once-campfire-go/internal/storage	1.962s
ok  	github.com/basecamp/once-campfire-go/internal/useragent	1.125s
ok  	github.com/basecamp/once-campfire-go/internal/web	3.643s
ok  	github.com/basecamp/once-campfire-go/internal/zstd	1.014s
ok  	github.com/coder/websocket	13.207s
?   	github.com/coder/websocket/internal/bpool	[no test files]
?   	github.com/coder/websocket/internal/errd	[no test files]
?   	github.com/coder/websocket/internal/test	[no test files]
?   	github.com/coder/websocket/internal/test/assert	[no test files]
?   	github.com/coder/websocket/internal/test/wstest	[no test files]
?   	github.com/coder/websocket/internal/test/xrand	[no test files]
?   	github.com/coder/websocket/internal/util	[no test files]
ok  	github.com/coder/websocket/internal/xsync	1.005s
ok  	github.com/coder/websocket/wsjson	1.005s [no tests to run]
