0453dedf709f104d9669816f33045f43d484ce3f027d481c51d4357eccc3e3c0  internal/richtext/oracle_test.go
53104542b4232912762a0bf2fc6029110b1eff09e5fb5e8c628e8c5d08aeb3e5  internal/richtext/display_test.go
?   	github.com/basecamp/once-campfire-go/assets	[no test files]
?   	github.com/basecamp/once-campfire-go/cmd/campfire	[no test files]
ok  	github.com/basecamp/once-campfire-go/internal/cable	(cached)
ok  	github.com/basecamp/once-campfire-go/internal/database	(cached)
ok  	github.com/basecamp/once-campfire-go/internal/front	(cached)
?   	github.com/basecamp/once-campfire-go/internal/html	[no test files]
ok  	github.com/basecamp/once-campfire-go/internal/httpcompat	(cached)
ok  	github.com/basecamp/once-campfire-go/internal/integrations	(cached)
ok  	github.com/basecamp/once-campfire-go/internal/jobs	(cached)
ok  	github.com/basecamp/once-campfire-go/internal/qrcode	(cached)
ok  	github.com/basecamp/once-campfire-go/internal/rails	(cached)
?   	github.com/basecamp/once-campfire-go/internal/responsebody	[no test files]
ok  	github.com/basecamp/once-campfire-go/internal/richtext	7.503s
ok  	github.com/basecamp/once-campfire-go/internal/storage	(cached)
ok  	github.com/basecamp/once-campfire-go/internal/useragent	(cached)
ok  	github.com/basecamp/once-campfire-go/internal/web	(cached)
ok  	github.com/basecamp/once-campfire-go/internal/zstd	(cached)
ok  	github.com/coder/websocket	(cached)
?   	github.com/coder/websocket/internal/bpool	[no test files]
?   	github.com/coder/websocket/internal/errd	[no test files]
?   	github.com/coder/websocket/internal/test	[no test files]
?   	github.com/coder/websocket/internal/test/assert	[no test files]
?   	github.com/coder/websocket/internal/test/wstest	[no test files]
?   	github.com/coder/websocket/internal/test/xrand	[no test files]
?   	github.com/coder/websocket/internal/util	[no test files]
ok  	github.com/coder/websocket/internal/xsync	(cached)
ok  	github.com/coder/websocket/wsjson	(cached) [no tests to run]
