?   	github.com/basecamp/once-campfire-go/assets	[no test files]
?   	github.com/basecamp/once-campfire-go/cmd/campfire	[no test files]
ok  	github.com/basecamp/once-campfire-go/internal/cable	1.164s
ok  	github.com/basecamp/once-campfire-go/internal/database	1.382s
ok  	github.com/basecamp/once-campfire-go/internal/front	1.214s
?   	github.com/basecamp/once-campfire-go/internal/html	[no test files]
ok  	github.com/basecamp/once-campfire-go/internal/httpcompat	1.011s
ok  	github.com/basecamp/once-campfire-go/internal/integrations	8.746s
ok  	github.com/basecamp/once-campfire-go/internal/jobs	1.008s
ok  	github.com/basecamp/once-campfire-go/internal/qrcode	1.371s
ok  	github.com/basecamp/once-campfire-go/internal/rails	1.246s
?   	github.com/basecamp/once-campfire-go/internal/responsebody	[no test files]
ok  	github.com/basecamp/once-campfire-go/internal/richtext	6.563s
ok  	github.com/basecamp/once-campfire-go/internal/storage	1.961s
ok  	github.com/basecamp/once-campfire-go/internal/useragent	1.142s
ok  	github.com/basecamp/once-campfire-go/internal/web	3.621s
ok  	github.com/basecamp/once-campfire-go/internal/zstd	1.007s
ok  	github.com/coder/websocket	13.050s
?   	github.com/coder/websocket/internal/bpool	[no test files]
?   	github.com/coder/websocket/internal/errd	[no test files]
?   	github.com/coder/websocket/internal/test	[no test files]
?   	github.com/coder/websocket/internal/test/assert	[no test files]
?   	github.com/coder/websocket/internal/test/wstest	[no test files]
?   	github.com/coder/websocket/internal/test/xrand	[no test files]
?   	github.com/coder/websocket/internal/util	[no test files]
ok  	github.com/coder/websocket/internal/xsync	1.005s
ok  	github.com/coder/websocket/wsjson	1.005s [no tests to run]
