ok  	github.com/basecamp/once-campfire-go/assets	(cached)
ok  	github.com/basecamp/once-campfire-go/bench/httprate	(cached)
ok  	github.com/basecamp/once-campfire-go/cmd/campfire	1.452s
ok  	github.com/basecamp/once-campfire-go/internal/application	1.093s
ok  	github.com/basecamp/once-campfire-go/internal/cable	1.302s
ok  	github.com/basecamp/once-campfire-go/internal/database	1.678s
ok  	github.com/basecamp/once-campfire-go/internal/front	1.250s
ok  	github.com/basecamp/once-campfire-go/internal/html	(cached)
ok  	github.com/basecamp/once-campfire-go/internal/httpcompat	(cached)
ok  	github.com/basecamp/once-campfire-go/internal/integrations	(cached)
ok  	github.com/basecamp/once-campfire-go/internal/jobs	(cached)
ok  	github.com/basecamp/once-campfire-go/internal/presentation	1.685s
ok  	github.com/basecamp/once-campfire-go/internal/qrcode	(cached)
ok  	github.com/basecamp/once-campfire-go/internal/rails	1.264s
?   	github.com/basecamp/once-campfire-go/internal/responsebody	[no test files]
ok  	github.com/basecamp/once-campfire-go/internal/richtext	(cached)
ok  	github.com/basecamp/once-campfire-go/internal/storage	2.220s
ok  	github.com/basecamp/once-campfire-go/internal/useragent	(cached)
ok  	github.com/basecamp/once-campfire-go/internal/web	8.885s
ok  	github.com/basecamp/once-campfire-go/internal/zstd	(cached)
bash: line 1: cd: internal/ws: No such file or directory
