ok  	github.com/coder/websocket	(cached)
?   	github.com/coder/websocket/internal/bpool	[no test files]
?   	github.com/coder/websocket/internal/errd	[no test files]
?   	github.com/coder/websocket/internal/test	[no test files]
?   	github.com/coder/websocket/internal/test/assert	[no test files]
?   	github.com/coder/websocket/internal/test/wstest	[no test files]
?   	github.com/coder/websocket/internal/test/xrand	[no test files]
?   	github.com/coder/websocket/internal/util	[no test files]
ok  	github.com/coder/websocket/internal/xsync	(cached)
ok  	github.com/coder/websocket/wsjson	(cached) [no tests to run]
rust message_lifecycle PASS
go message_lifecycle PASS
rust direct_ping PASS
go direct_ping PASS
rust pagination PASS
go pagination PASS
rust sidebar PASS
go sidebar PASS
rust direct_upload PASS
go direct_upload PASS
rust attachment_lifecycle PASS
go attachment_lifecycle PASS
