?   	github.com/basecamp/once-campfire-go/assets	[no test files]
?   	github.com/basecamp/once-campfire-go/cmd/campfire	[no test files]
ok  	github.com/basecamp/once-campfire-go/internal/cable	1.156s
ok  	github.com/basecamp/once-campfire-go/internal/database	1.435s
ok  	github.com/basecamp/once-campfire-go/internal/front	1.210s
?   	github.com/basecamp/once-campfire-go/internal/html	[no test files]
ok  	github.com/basecamp/once-campfire-go/internal/httpcompat	1.010s
ok  	github.com/basecamp/once-campfire-go/internal/integrations	8.755s
ok  	github.com/basecamp/once-campfire-go/internal/jobs	1.013s
ok  	github.com/basecamp/once-campfire-go/internal/qrcode	1.362s
ok  	github.com/basecamp/once-campfire-go/internal/rails	1.248s
?   	github.com/basecamp/once-campfire-go/internal/responsebody	[no test files]
ok  	github.com/basecamp/once-campfire-go/internal/richtext	8.755s
ok  	github.com/basecamp/once-campfire-go/internal/storage	1.965s
ok  	github.com/basecamp/once-campfire-go/internal/useragent	1.127s
ok  	github.com/basecamp/once-campfire-go/internal/web	3.667s
ok  	github.com/basecamp/once-campfire-go/internal/zstd	1.016s
ok  	github.com/coder/websocket	13.074s
?   	github.com/coder/websocket/internal/bpool	[no test files]
?   	github.com/coder/websocket/internal/errd	[no test files]
?   	github.com/coder/websocket/internal/test	[no test files]
?   	github.com/coder/websocket/internal/test/assert	[no test files]
?   	github.com/coder/websocket/internal/test/wstest	[no test files]
?   	github.com/coder/websocket/internal/test/xrand	[no test files]
?   	github.com/coder/websocket/internal/util	[no test files]
ok  	github.com/coder/websocket/internal/xsync	1.011s
ok  	github.com/coder/websocket/wsjson	1.007s [no tests to run]
